Initializing cgroup subsys cpuset
Initializing cgroup subsys cpu
Linux version 2.6.32-279.19.1.el6.i686 (mockbuild@c6b8.bsys.dev.centos.org) (gcc version 4.4.6 20120305 (Red Hat 4.4.6-4) (GCC) ) #1 SMP Wed Dec 19 04:30:58 UTC 2012
KERNEL supported cpus:
  Intel GenuineIntel
  AMD AuthenticAMD
  NSC Geode by NSC
  Cyrix CyrixInstead
  Centaur CentaurHauls
  Transmeta GenuineTMx86
  Transmeta TransmetaCPU
  UMC UMC UMC UMC
BIOS-provided physical RAM map:
 BIOS-e820: 0000000000000000 - 000000000009f800 (usable)
 BIOS-e820: 000000000009f800 - 00000000000a0000 (reserved)
 BIOS-e820: 00000000000e0000 - 0000000000100000 (reserved)
 BIOS-e820: 0000000000100000 - 00000000efed0000 (usable)
 BIOS-e820: 00000000efed0000 - 00000000efede000 (ACPI data)
 BIOS-e820: 00000000efede000 - 00000000efedf000 (ACPI NVS)
 BIOS-e820: 00000000efedf000 - 00000000f0000000 (reserved)
 BIOS-e820: 00000000f8000000 - 00000000fc000000 (reserved)
 BIOS-e820: 00000000fec00000 - 00000000fec10000 (reserved)
 BIOS-e820: 00000000fee00000 - 00000000fee01000 (reserved)
 BIOS-e820: 00000000ff000000 - 0000000100000000 (reserved)
 BIOS-e820: 0000000100000000 - 0000000110000000 (usable)
DMI present.
SMBIOS version 2.33 @ 0xF6A00
DMI: empty empty/TYAN Toledo i3210W/i3200R S5211, BIOS V1.03  03/21/2008
Phoenix BIOS detected: BIOS may corrupt low RAM, working around it.
e820 update range: 0000000000000000 - 0000000000010000 (usable) ==> (reserved)
e820 update range: 0000000000000000 - 0000000000001000 (usable) ==> (reserved)
e820 remove range: 00000000000a0000 - 0000000000100000 (usable)
last_pfn = 0x110000 max_arch_pfn = 0x400000
MTRR default type: uncachable
MTRR fixed ranges enabled:
  00000-9FFFF write-back
  A0000-BFFFF uncachable
  C0000-C7FFF write-protect
  C8000-DFFFF uncachable
  E0000-FFFFF write-protect
MTRR variable ranges enabled:
  0 base 0F0000000 mask FF0000000 uncachable
  1 base 000000000 mask F00000000 write-back
  2 base 100000000 mask FF0000000 write-back
  3 disabled
  4 disabled
  5 disabled
  6 disabled
x86 PAT enabled: cpu 0, old 0x7040600070406, new 0x7010600070106
original variable MTRRs
reg 0, base: 3840MB, range: 256MB, type UC
reg 1, base: 0GB, range: 4GB, type WB
reg 2, base: 4GB, range: 256MB, type WB
total RAM covered: 4096M
Found optimal setting for mtrr clean up
 gran_size: 64K 	chunk_size: 512M 	num_reg: 3  	lose cover RAM: 0G
New variable MTRRs
reg 0, base: 0GB, range: 4GB, type WB
reg 1, base: 3840MB, range: 256MB, type UC
reg 2, base: 4GB, range: 256MB, type WB
e820 update range: 00000000f0000000 - 0000000100000000 (usable) ==> (reserved)
initial memory mapped : 0 - 01000000
init_memory_mapping: 0000000000000000-00000000375fe000
NX (Execute Disable) protection: active
 0000000000 - 0000200000 page 4k
 0000200000 - 0037400000 page 2M
 0037400000 - 00375fe000 page 4k
kernel direct mapping tables up to 375fe000 @ 10000-18000
RAMDISK: 372a6000 - 37fef3f7
Allocated new RAMDISK: 00c4a000 - 019933f7
Move RAMDISK from 00000000372a6000 - 0000000037fef3f6 to 00c4a000 - 019933f6
ACPI: RSDP 000f6a70 00024 (v02 PTLTD )
ACPI: XSDT efed4008 0008C (v01 PTLTD  ? XSDT   06040000  LTP 00000000)
ACPI: FACP efedde24 000F4 (v03 INTEL  Bigby    06040000 PTL  00000002)
ACPI: DSDT efed7195 06C0B (v01  INTEL    BIGBY 06040000 MSFT 0100000E)
ACPI: FACS efedefc0 00040
ACPI: MCFG efeddf18 0003C (v01 PTLTD    MCFG   06040000  LTP 00000000)
ACPI: APIC efeddf54 00084 (v01 PTLTD  ? APIC   06040000  LTP 00000000)
ACPI: BOOT efeddfd8 00028 (v01 PTLTD  $SBFTBL$ 06040000  LTP 00000001)
ACPI: SSDT efed5907 0025F (v01  PmRef  Cpu0Tst 00003000 INTL 20050228)
ACPI: SSDT efed5861 000A6 (v01  PmRef  Cpu7Tst 00003000 INTL 20050228)
ACPI: SSDT efed57bb 000A6 (v01  PmRef  Cpu6Tst 00003000 INTL 20050228)
ACPI: SSDT efed5715 000A6 (v01  PmRef  Cpu5Tst 00003000 INTL 20050228)
ACPI: SSDT efed566f 000A6 (v01  PmRef  Cpu4Tst 00003000 INTL 20050228)
ACPI: SSDT efed55c9 000A6 (v01  PmRef  Cpu3Tst 00003000 INTL 20050228)
ACPI: SSDT efed5523 000A6 (v01  PmRef  Cpu2Tst 00003000 INTL 20050228)
ACPI: SSDT efed547d 000A6 (v01  PmRef  Cpu1Tst 00003000 INTL 20050228)
ACPI: SSDT efed4094 013E9 (v01  PmRef    CpuPm 00003000 INTL 20050228)
ACPI: Local APIC address 0xfee00000
3466MB HIGHMEM available.
885MB LOWMEM available.
  mapped low ram: 0 - 375fe000
  low ram: 0 - 375fe000
  node 0 low ram: 00000000 - 375fe000
  node 0 bootmap 00014000 - 0001aec0
(9 early reservations) ==> bootmem [0000000000 - 00375fe000]
  #0 [0000000000 - 0000001000]   BIOS data page ==> [0000000000 - 0000001000]
  #1 [0000001000 - 0000002000]    EX TRAMPOLINE ==> [0000001000 - 0000002000]
  #2 [0000006000 - 0000007000]       TRAMPOLINE ==> [0000006000 - 0000007000]
  #3 [0000400000 - 0000c40430]    TEXT DATA BSS ==> [0000400000 - 0000c40430]
  #4 [000009f800 - 0000100000]    BIOS reserved ==> [000009f800 - 0000100000]
  #5 [0000c41000 - 0000c49140]              BRK ==> [0000c41000 - 0000c49140]
  #6 [0000010000 - 0000014000]          PGTABLE ==> [0000010000 - 0000014000]
  #7 [0000c4a000 - 00019933f7]      NEW RAMDISK ==> [0000c4a000 - 00019933f7]
  #8 [0000014000 - 000001b000]          BOOTMAP ==> [0000014000 - 000001b000]
found SMP MP-table at [c00f6aa0] f6aa0
Reserving 129MB of memory at 32MB for crashkernel (System RAM: 4352MB)
Zone PFN ranges:
  DMA      0x00000010 -> 0x00001000
  Normal   0x00001000 -> 0x000375fe
  HighMem  0x000375fe -> 0x00110000
Movable zone start PFN for each node
early_node_map[3] active PFN ranges
    0: 0x00000010 -> 0x0000009f
    0: 0x00000100 -> 0x000efed0
    0: 0x00100000 -> 0x00110000
On node 0 totalpages: 1048159
  DMA zone: 32 pages used for memmap
  DMA zone: 0 pages reserved
  DMA zone: 3951 pages, LIFO batch:0
  Normal zone: 1740 pages used for memmap
  Normal zone: 220978 pages, LIFO batch:31
  HighMem zone: 6933 pages used for memmap
  HighMem zone: 814525 pages, LIFO batch:31
Using APIC driver default
ACPI: PM-Timer IO Port: 0x1008
ACPI: Local APIC address 0xfee00000
ACPI: LAPIC (acpi_id[0x00] lapic_id[0x00] enabled)
ACPI: LAPIC (acpi_id[0x01] lapic_id[0x01] enabled)
ACPI: LAPIC (acpi_id[0x02] lapic_id[0x02] enabled)
ACPI: LAPIC (acpi_id[0x03] lapic_id[0x03] enabled)
ACPI: LAPIC_NMI (acpi_id[0x00] high edge lint[0x1])
ACPI: LAPIC_NMI (acpi_id[0x01] high edge lint[0x1])
ACPI: LAPIC_NMI (acpi_id[0x02] high edge lint[0x1])
ACPI: LAPIC_NMI (acpi_id[0x03] high edge lint[0x1])
ACPI: IOAPIC (id[0x04] address[0xfec00000] gsi_base[0])
IOAPIC[0]: apic_id 4, version 32, address 0xfec00000, GSI 0-23
ACPI: INT_SRC_OVR (bus 0 bus_irq 0 global_irq 2 high edge)
ACPI: INT_SRC_OVR (bus 0 bus_irq 9 global_irq 9 high level)
ACPI: IRQ0 used by override.
ACPI: IRQ2 used by override.
ACPI: IRQ9 used by override.
Using ACPI (MADT) for SMP configuration information
SMP: Allowing 4 CPUs, 0 hotplug CPUs
nr_irqs_gsi: 24
PM: Registered nosave memory: 000000000009f000 - 00000000000a0000
PM: Registered nosave memory: 00000000000a0000 - 00000000000e0000
PM: Registered nosave memory: 00000000000e0000 - 0000000000100000
Allocating PCI resources starting at f0000000 (gap: f0000000:8000000)
Booting paravirtualized kernel on bare hardware
NR_CPUS:32 nr_cpumask_bits:32 nr_cpu_ids:4 nr_node_ids:1
PERCPU: Embedded 14 pages/cpu @c1e00000 s35928 r0 d21416 u524288
pcpu-alloc: s35928 r0 d21416 u524288 alloc=1*2097152
pcpu-alloc: [0] 0 1 2 3 
Built 1 zonelists in Zone order, mobility grouping on.  Total pages: 1039454
Kernel command line: ro root=/dev/mapper/vg_centos6-lv_root rd_LVM_LV=vg_centos6/lv_root rd_LVM_LV=vg_centos6/lv_swap rd_NO_LUKS rd_NO_MD rd_NO_DM LANG=zh_TW.UTF-8 KEYBOARDTYPE=pc KEYTABLE=us crashkernel=129M@0M rhgb quiet
PID hash table entries: 4096 (order: 2, 16384 bytes)
Dentry cache hash table entries: 131072 (order: 7, 524288 bytes)
Inode-cache hash table entries: 65536 (order: 6, 262144 bytes)
Enabling fast FPU save and restore... done.
Enabling unmasked SIMD FPU exception support... done.
Initializing CPU#0
Initializing HighMem for node 0 (000375fe:00110000)
Memory: 3999144k/4456448k available (4299k kernel code, 192264k reserved, 2446k data, 504k init, 3285832k highmem)
virtual kernel memory layout:
    fixmap  : 0xffad5000 - 0xfffff000   (5288 kB)
    pkmap   : 0xff600000 - 0xff800000   (2048 kB)
    vmalloc : 0xf7dfe000 - 0xff5fe000   ( 120 MB)
    lowmem  : 0xc0000000 - 0xf75fe000   ( 885 MB)
      .init : 0xc0a97000 - 0xc0b15000   ( 504 kB)
      .data : 0xc0832c83 - 0xc0a964a8   (2446 kB)
      .text : 0xc0400000 - 0xc0832c83   (4299 kB)
Checking if this processor honours the WP bit even in supervisor mode...Ok.
Hierarchical RCU implementation.
NR_IRQS:2304 nr_irqs:440
Extended CMOS year: 2000
Console: colour VGA+ 80x25
console [tty0] enabled
allocated 18874368 bytes of page_cgroup
please try 'cgroup_disable=memory' option if you don't want memory cgroups
Fast TSC calibration using PIT
Detected 2393.986 MHz processor.
Calibrating delay loop (skipped), value calculated using timer frequency.. 4787.97 BogoMIPS (lpj=2393986)
pid_max: default: 32768 minimum: 301
Security Framework initialized
SELinux:  Initializing.
SELinux:  Starting in permissive mode
Mount-cache hash table entries: 512
Initializing cgroup subsys ns
Initializing cgroup subsys cpuacct
Initializing cgroup subsys memory
Initializing cgroup subsys devices
Initializing cgroup subsys freezer
Initializing cgroup subsys net_cls
Initializing cgroup subsys blkio
Initializing cgroup subsys perf_event
Initializing cgroup subsys net_prio
CPU: Physical Processor ID: 0
CPU: Processor Core ID: 0
mce: CPU supports 6 MCE banks
CPU0: Thermal monitoring handled by SMI
using mwait in idle threads.
ACPI: Core revision 20090903
Enabling APIC mode:  Flat.  Using 1 I/O APICs
..TIMER: vector=0x30 apic1=0 pin1=2 apic2=-1 pin2=-1
CPU0: Intel(R) Xeon(R) CPU           X3220  @ 2.40GHz stepping 0b
Performance Events: PEBS fmt0+, Core2 events, Intel PMU driver.
PEBS disabled due to CPU errata.
... version:                2
... bit width:              40
... generic registers:      2
... value mask:             000000ffffffffff
... max period:             000000007fffffff
... fixed-purpose events:   3
... event mask:             0000000700000003
Booting Node   0, Processors  #1
Initializing CPU#1
CPU1: Thermal monitoring handled by SMI
 #2
Initializing CPU#2
CPU2: Thermal monitoring handled by SMI
 #3 Ok.
Initializing CPU#3
CPU3: Thermal monitoring handled by SMI
Brought up 4 CPUs
Total of 4 processors activated (19151.88 BogoMIPS).
sizeof(vma)=100 bytes
sizeof(page)=32 bytes
sizeof(inode)=352 bytes
sizeof(dentry)=132 bytes
sizeof(ext3inode)=508 bytes
sizeof(buffer_head)=56 bytes
sizeof(skbuff)=184 bytes
sizeof(task_struct)=1348 bytes
devtmpfs: initialized
PM: Registering ACPI NVS region at efede000 (4096 bytes)
regulator: core version 0.5
NET: Registered protocol family 16
ACPI FADT declares the system doesn't support PCIe ASPM, so disable it
ACPI: bus type pci registered
PCI: MCFG configuration 0: base f8000000 segment 0 buses 0 - 16
PCI: MCFG area at f8000000 reserved in E820
PCI: Using MMCONFIG for extended config space
PCI: Using configuration type 1 for base access
bio: create slab <bio-0> at 0
ACPI: EC: Look up EC in DSDT
ACPI: Interpreter enabled
ACPI: (supports S0 S1 S4 S5)
ACPI: Using IOAPIC for interrupt routing
ACPI: No dock devices found.
HEST: Table not found.
PCI: Using host bridge windows from ACPI; if necessary, use "pci=nocrs" and report a bug
ACPI: PCI Root Bridge [PCI0] (domain 0000 [bus 00-3f])
pci_root PNP0A03:00: host bridge window [io  0x0000-0x0cf7]
pci_root PNP0A03:00: host bridge window [mem 0x000a0000-0x000bffff]
pci_root PNP0A03:00: host bridge window [mem 0x000c8000-0x000cbfff]
pci_root PNP0A03:00: host bridge window [mem 0x000cc000-0x000cffff]
pci_root PNP0A03:00: host bridge window [mem 0x000d0000-0x000d3fff]
pci_root PNP0A03:00: host bridge window [mem 0x000d4000-0x000d7fff]
pci_root PNP0A03:00: host bridge window [mem 0x000d8000-0x000dbfff]
pci_root PNP0A03:00: host bridge window [mem 0x000dc000-0x000dffff]
pci_root PNP0A03:00: host bridge window [mem 0xf0000000-0xfffffffe]
pci_root PNP0A03:00: host bridge window [io  0x0d00-0xfdff]
pci 0000:00:01.0: PME# supported from D0 D3hot D3cold
pci 0000:00:01.0: PME# disabled
pci 0000:00:1a.0: reg 20: [io  0x1820-0x183f]
pci 0000:00:1a.1: reg 20: [io  0x1840-0x185f]
pci 0000:00:1a.7: reg 10: [mem 0xf4702800-0xf4702bff]
pci 0000:00:1a.7: PME# supported from D0 D3hot D3cold
pci 0000:00:1a.7: PME# disabled
pci 0000:00:1c.0: PME# supported from D0 D3hot D3cold
pci 0000:00:1c.0: PME# disabled
pci 0000:00:1c.4: PME# supported from D0 D3hot D3cold
pci 0000:00:1c.4: PME# disabled
pci 0000:00:1c.5: PME# supported from D0 D3hot D3cold
pci 0000:00:1c.5: PME# disabled
pci 0000:00:1d.0: reg 20: [io  0x1860-0x187f]
pci 0000:00:1d.1: reg 20: [io  0x1880-0x189f]
pci 0000:00:1d.2: reg 20: [io  0x18a0-0x18bf]
pci 0000:00:1d.3: reg 20: [io  0x18c0-0x18df]
pci 0000:00:1d.7: reg 10: [mem 0xf4702c00-0xf4702fff]
pci 0000:00:1d.7: PME# supported from D0 D3hot D3cold
pci 0000:00:1d.7: PME# disabled
pci 0000:00:1f.0: Force enabled HPET at 0xfed00000
pci 0000:00:1f.0: quirk: [io  0x1000-0x107f] claimed by ICH6 ACPI/GPIO/TCO
pci 0000:00:1f.0: quirk: [io  0x1180-0x11bf] claimed by ICH6 GPIO
pci 0000:00:1f.0: ICH7 LPC Generic IO decode 1 PIO at 0600 (mask 007f)
pci 0000:00:1f.0: ICH7 LPC Generic IO decode 2 PIO at 0ca0 (mask 000f)
pci 0000:00:1f.2: reg 10: [io  0x0000-0x0007]
pci 0000:00:1f.2: reg 14: [io  0x0000-0x0003]
pci 0000:00:1f.2: reg 18: [io  0x0000-0x0007]
pci 0000:00:1f.2: reg 1c: [io  0x0000-0x0003]
pci 0000:00:1f.2: reg 20: [io  0x1c20-0x1c2f]
pci 0000:00:1f.2: reg 24: [io  0x1c10-0x1c1f]
pci 0000:00:1f.3: reg 10: [mem 0xf4703000-0xf47030ff 64bit]
pci 0000:00:1f.3: reg 20: [io  0x18e0-0x18ff]
pci 0000:00:1f.5: reg 10: [io  0x1c98-0x1c9f]
pci 0000:00:1f.5: reg 14: [io  0x1c8c-0x1c8f]
pci 0000:00:1f.5: reg 18: [io  0x1c90-0x1c97]
pci 0000:00:1f.5: reg 1c: [io  0x1c88-0x1c8b]
pci 0000:00:1f.5: reg 20: [io  0x1c40-0x1c4f]
pci 0000:00:1f.5: reg 24: [io  0x1c30-0x1c3f]
pci 0000:00:1f.6: reg 10: [mem 0xf4501000-0xf4501fff 64bit]
pci 0000:01:00.0: reg 10: [mem 0xf4000000-0xf407ffff 64bit pref]
pci 0000:01:00.0: reg 18: [mem 0xf4100000-0xf4107fff]
pci 0000:00:01.0: PCI bridge to [bus 01-01]
pci 0000:00:01.0:   bridge window [io  0xf000-0x0000] (disabled)
pci 0000:00:01.0:   bridge window [mem 0xf4100000-0xf41fffff]
pci 0000:00:01.0:   bridge window [mem 0xf4000000-0xf40fffff 64bit pref]
pci 0000:05:00.0: PXH quirk detected; SHPC device MSI disabled
pci 0000:05:00.0: PME# supported from D0 D3hot D3cold
pci 0000:05:00.0: PME# disabled
pci 0000:00:1c.0: PCI bridge to [bus 05-06]
pci 0000:00:1c.0:   bridge window [io  0xf000-0x0000] (disabled)
pci 0000:00:1c.0:   bridge window [mem 0xfff00000-0x000fffff] (disabled)
pci 0000:00:1c.0:   bridge window [mem 0xfff00000-0x000fffff pref] (disabled)
pci 0000:05:00.0: PCI bridge to [bus 06-06]
pci 0000:05:00.0:   bridge window [io  0xf000-0x0000] (disabled)
pci 0000:05:00.0:   bridge window [mem 0xfff00000-0x000fffff] (disabled)
pci 0000:05:00.0:   bridge window [mem 0xfff00000-0x000fffff pref] (disabled)
pci 0000:0d:00.0: reg 10: [mem 0xf4280000-0xf429ffff]
pci 0000:0d:00.0: reg 14: [mem 0xf4200000-0xf427ffff]
pci 0000:0d:00.0: reg 18: [io  0x2000-0x201f]
pci 0000:0d:00.0: PME# supported from D0 D3hot D3cold
pci 0000:0d:00.0: PME# disabled
pci 0000:00:1c.4: PCI bridge to [bus 0d-0d]
pci 0000:00:1c.4:   bridge window [io  0x2000-0x2fff]
pci 0000:00:1c.4:   bridge window [mem 0xf4200000-0xf42fffff]
pci 0000:00:1c.4:   bridge window [mem 0xfff00000-0x000fffff pref] (disabled)
pci 0000:0f:00.0: reg 10: [mem 0xf4380000-0xf439ffff]
pci 0000:0f:00.0: reg 14: [mem 0xf4300000-0xf437ffff]
pci 0000:0f:00.0: reg 18: [io  0x3000-0x301f]
pci 0000:0f:00.0: PME# supported from D0 D3hot D3cold
pci 0000:0f:00.0: PME# disabled
pci 0000:00:1c.5: PCI bridge to [bus 0f-0f]
pci 0000:00:1c.5:   bridge window [io  0x3000-0x3fff]
pci 0000:00:1c.5:   bridge window [mem 0xf4300000-0xf43fffff]
pci 0000:00:1c.5:   bridge window [mem 0xfff00000-0x000fffff pref] (disabled)
pci 0000:11:03.0: reg 10: [mem 0xf0000000-0xf3ffffff pref]
pci 0000:11:03.0: reg 14: [mem 0xf4400000-0xf443ffff]
pci 0000:11:03.0: reg 18: [io  0x4000-0x407f]
pci 0000:11:03.0: supports D1 D2
pci 0000:00:1e.0: PCI bridge to [bus 11-11] (subtractive decode)
pci 0000:00:1e.0:   bridge window [io  0x4000-0x4fff]
pci 0000:00:1e.0:   bridge window [mem 0xf4400000-0xf44fffff]
pci 0000:00:1e.0:   bridge window [mem 0xf0000000-0xf3ffffff 64bit pref]
pci 0000:00:1e.0:   bridge window [io  0x0000-0x0cf7] (subtractive decode)
pci 0000:00:1e.0:   bridge window [mem 0x000a0000-0x000bffff] (subtractive decode)
pci 0000:00:1e.0:   bridge window [mem 0x000c8000-0x000cbfff] (subtractive decode)
pci 0000:00:1e.0:   bridge window [mem 0x000cc000-0x000cffff] (subtractive decode)
pci 0000:00:1e.0:   bridge window [mem 0x000d0000-0x000d3fff] (subtractive decode)
pci 0000:00:1e.0:   bridge window [mem 0x000d4000-0x000d7fff] (subtractive decode)
pci 0000:00:1e.0:   bridge window [mem 0x000d8000-0x000dbfff] (subtractive decode)
pci 0000:00:1e.0:   bridge window [mem 0x000dc000-0x000dffff] (subtractive decode)
pci 0000:00:1e.0:   bridge window [mem 0xf0000000-0xfffffffe] (subtractive decode)
pci 0000:00:1e.0:   bridge window [io  0x0d00-0xfdff] (subtractive decode)
pci_bus 0000:00: on NUMA node 0
ACPI: PCI Interrupt Routing Table [\_SB_.PCI0._PRT]
ACPI: PCI Interrupt Routing Table [\_SB_.PCI0.PEG1._PRT]
ACPI: PCI Interrupt Routing Table [\_SB_.PCI0.EXP1._PRT]
ACPI: PCI Interrupt Routing Table [\_SB_.PCI0.EXP5._PRT]
ACPI: PCI Interrupt Routing Table [\_SB_.PCI0.EXP6._PRT]
ACPI: PCI Interrupt Routing Table [\_SB_.PCI0.PCIB._PRT]
 pci0000:00: Requesting ACPI _OSC control (0x1d)
Unable to assume _OSC PCIe control. Disabling ASPM
ACPI: PCI Interrupt Link [LNKA] (IRQs 3 4 5 6 7 10 *11 12 14 15)
ACPI: PCI Interrupt Link [LNKB] (IRQs 3 4 5 6 7 *10 11 12 14 15)
ACPI: PCI Interrupt Link [LNKC] (IRQs 3 4 *5 6 7 10 11 12 14 15)
ACPI: PCI Interrupt Link [LNKD] (IRQs 3 4 5 6 *7 10 11 12 14 15)
ACPI: PCI Interrupt Link [LNKE] (IRQs 3 4 5 6 7 10 11 12 14 15) *0, disabled.
ACPI: PCI Interrupt Link [LNKF] (IRQs 3 4 5 6 7 10 11 12 14 15) *0, disabled.
ACPI: PCI Interrupt Link [LNKG] (IRQs 3 4 5 6 7 10 11 12 14 15) *0, disabled.
ACPI: PCI Interrupt Link [LNKH] (IRQs 3 4 5 6 7 10 11 12 14 15) *0, disabled.
vgaarb: device added: PCI:0000:11:03.0,decodes=io+mem,owns=io+mem,locks=none
vgaarb: loaded
vgaarb: bridge control possible 0000:11:03.0
SCSI subsystem initialized
libata version 3.00 loaded.
usbcore: registered new interface driver usbfs
usbcore: registered new interface driver hub
usbcore: registered new device driver usb
PCI: Using ACPI for IRQ routing
PCI: old code would have set cacheline size to 32 bytes, but clflush_size = 64
PCI: pci_cache_line_size set to 64 bytes
Expanded resource reserved due to conflict with PCI Bus 0000:00
NetLabel: Initializing
NetLabel:  domain hash size = 128
NetLabel:  protocols = UNLABELED CIPSOv4
NetLabel:  unlabeled traffic allowed by default
hpet clockevent registered
HPET: 4 timers in total, 0 timers will be used for per-cpu timer
hpet0: at MMIO 0xfed00000, IRQs 2, 8, 0, 0
hpet0: 4 comparators, 64-bit 14.318180 MHz counter
Switching to clocksource hpet
pnp: PnP ACPI init
ACPI: bus type pnp registered
pnp 00:00: [io  0x0cf8-0x0cff]
pnp 00:00: Plug and Play ACPI device, IDs PNP0a03 (active)
pnp 00:01: [io  0x0010-0x001f]
pnp 00:01: [io  0x0024-0x0025]
pnp 00:01: [io  0x0028-0x0029]
pnp 00:01: [io  0x002c-0x002d]
pnp 00:01: [io  0x0030-0x0031]
pnp 00:01: [io  0x0034-0x0035]
pnp 00:01: [io  0x0038-0x0039]
pnp 00:01: [io  0x003c-0x003d]
pnp 00:01: [io  0x0072-0x0077]
pnp 00:01: [io  0x0080]
pnp 00:01: [io  0x0090-0x009f]
pnp 00:01: [io  0x00a4-0x00a5]
pnp 00:01: [io  0x00a8-0x00a9]
pnp 00:01: [io  0x00ac-0x00ad]
pnp 00:01: [io  0x00b0-0x00b5]
pnp 00:01: [io  0x00b8-0x00b9]
pnp 00:01: [io  0x00bc-0x00bd]
pnp 00:01: [io  0x0600-0x063f]
pnp 00:01: [io  0x0800-0x080f]
pnp 00:01: [io  0x0ca0-0x0caf]
pnp 00:01: [io  0x1000-0x107f]
pnp 00:01: [io  0x1180-0x11bf]
pnp 00:01: [io  0x002e-0x002f]
pnp 00:01: [io  0x04d0-0x04d1]
pnp 00:01: [io  0xfe00]
pnp 00:01: [mem 0xfed14000-0xfed17fff]
pnp 00:01: [mem 0xf8000000-0xfbffffff]
pnp 00:01: [mem 0xfed20000-0xfed8ffff]
pnp 00:01: [mem 0xfef00000-0xfeffffff]
pnp 00:01: Plug and Play ACPI device, IDs PNP0c02 (active)
pnp 00:02: [io  0x0000-0x000f]
pnp 00:02: [io  0x0081-0x008f]
pnp 00:02: [io  0x00c0-0x00df]
pnp 00:02: [dma 4]
pnp 00:02: Plug and Play ACPI device, IDs PNP0200 (active)
pnp 00:03: [io  0x00f0-0x00fe]
pnp 00:03: [irq 13]
pnp 00:03: Plug and Play ACPI device, IDs PNP0c04 (active)
pnp 00:04: [io  0x0070-0x0071]
pnp 00:04: Plug and Play ACPI device, IDs PNP0b00 (active)
pnp 00:05: [io  0x0061]
pnp 00:05: Plug and Play ACPI device, IDs PNP0800 (active)
pnp 00:06: [io  0x0060]
pnp 00:06: [io  0x0064]
pnp 00:06: [irq 1]
pnp 00:06: Plug and Play ACPI device, IDs PNP0303 (active)
pnp 00:07: [irq 12]
pnp 00:07: Plug and Play ACPI device, IDs PNP0f13 (active)
pnp 00:08: [mem 0xff800000-0xffffffff]
pnp 00:08: Plug and Play ACPI device, IDs INT0800 (active)
pnp 00:09: [io  0x03f8-0x03ff]
pnp 00:09: [irq 4]
pnp 00:09: Plug and Play ACPI device, IDs PNP0501 (active)
pnp 00:0a: [io  0x02f8-0x02ff]
pnp 00:0a: [irq 3]
pnp 00:0a: Plug and Play ACPI device, IDs PNP0501 (active)
pnp: PnP ACPI: found 11 devices
ACPI: ACPI bus type pnp unregistered
system 00:01: [io  0x0600-0x063f] has been reserved
system 00:01: [io  0x0800-0x080f] has been reserved
system 00:01: [io  0x0ca0-0x0caf] has been reserved
system 00:01: [io  0x1000-0x107f] has been reserved
system 00:01: [io  0x1180-0x11bf] has been reserved
system 00:01: [io  0x04d0-0x04d1] has been reserved
system 00:01: [io  0xfe00] has been reserved
system 00:01: [mem 0xfed14000-0xfed17fff] has been reserved
system 00:01: [mem 0xf8000000-0xfbffffff] has been reserved
system 00:01: [mem 0xfed20000-0xfed8ffff] has been reserved
system 00:01: [mem 0xfef00000-0xfeffffff] has been reserved
PCI: max bus depth: 2 pci_try_num: 3
pci 0000:00:1c.5: BAR 15: assigned [mem 0xf4800000-0xf49fffff 64bit pref]
pci 0000:00:1c.4: BAR 15: assigned [mem 0xf4a00000-0xf4bfffff 64bit pref]
pci 0000:00:1c.0: BAR 14: assigned [mem 0xf4c00000-0xf4dfffff]
pci 0000:00:1c.0: BAR 15: assigned [mem 0xf4e00000-0xf4ffffff 64bit pref]
pci 0000:00:1c.0: BAR 13: assigned [io  0x5000-0x5fff]
pci 0000:00:01.0: PCI bridge to [bus 01-01]
pci 0000:00:01.0: PCI bridge to [bus 01-01]
pci 0000:00:01.0:   bridge window [io  disabled]
pci 0000:00:01.0:   bridge window [mem 0xf4100000-0xf41fffff]
pci 0000:00:01.0:   bridge window [mem 0xf4000000-0xf40fffff 64bit pref]
pci 0000:05:00.0: PCI bridge to [bus 06-06]
pci 0000:05:00.0: PCI bridge to [bus 06-06]
pci 0000:05:00.0:   bridge window [io  disabled]
pci 0000:05:00.0:   bridge window [mem disabled]
pci 0000:05:00.0:   bridge window [mem pref disabled]
pci 0000:00:1c.0: PCI bridge to [bus 05-06]
pci 0000:00:1c.0: PCI bridge to [bus 05-06]
pci 0000:00:1c.0:   bridge window [io  0x5000-0x5fff]
pci 0000:00:1c.0:   bridge window [mem 0xf4c00000-0xf4dfffff]
pci 0000:00:1c.0:   bridge window [mem 0xf4e00000-0xf4ffffff 64bit pref]
pci 0000:00:1c.4: PCI bridge to [bus 0d-0d]
pci 0000:00:1c.4: PCI bridge to [bus 0d-0d]
pci 0000:00:1c.4:   bridge window [io  0x2000-0x2fff]
pci 0000:00:1c.4:   bridge window [mem 0xf4200000-0xf42fffff]
pci 0000:00:1c.4:   bridge window [mem 0xf4a00000-0xf4bfffff 64bit pref]
pci 0000:00:1c.5: PCI bridge to [bus 0f-0f]
pci 0000:00:1c.5: PCI bridge to [bus 0f-0f]
pci 0000:00:1c.5:   bridge window [io  0x3000-0x3fff]
pci 0000:00:1c.5:   bridge window [mem 0xf4300000-0xf43fffff]
pci 0000:00:1c.5:   bridge window [mem 0xf4800000-0xf49fffff 64bit pref]
pci 0000:00:1e.0: PCI bridge to [bus 11-11]
pci 0000:00:1e.0: PCI bridge to [bus 11-11]
pci 0000:00:1e.0:   bridge window [io  0x4000-0x4fff]
pci 0000:00:1e.0:   bridge window [mem 0xf4400000-0xf44fffff]
pci 0000:00:1e.0:   bridge window [mem 0xf0000000-0xf3ffffff 64bit pref]
  alloc irq_desc for 16 on node -1
  alloc kstat_irqs on node -1
pci 0000:00:01.0: PCI INT A -> GSI 16 (level, low) -> IRQ 16
pci 0000:00:01.0: setting latency timer to 64
pci 0000:00:1c.0: PCI INT A -> GSI 16 (level, low) -> IRQ 16
pci 0000:00:1c.0: setting latency timer to 64
pci 0000:05:00.0: setting latency timer to 64
pci 0000:00:1c.4: PCI INT A -> GSI 16 (level, low) -> IRQ 16
pci 0000:00:1c.4: setting latency timer to 64
  alloc irq_desc for 17 on node -1
  alloc kstat_irqs on node -1
pci 0000:00:1c.5: PCI INT B -> GSI 17 (level, low) -> IRQ 17
pci 0000:00:1c.5: setting latency timer to 64
pci 0000:00:1e.0: setting latency timer to 64
pci_bus 0000:00: resource 4 [io  0x0000-0x0cf7]
pci_bus 0000:00: resource 5 [mem 0x000a0000-0x000bffff]
pci_bus 0000:00: resource 6 [mem 0x000c8000-0x000cbfff]
pci_bus 0000:00: resource 7 [mem 0x000cc000-0x000cffff]
pci_bus 0000:00: resource 8 [mem 0x000d0000-0x000d3fff]
pci_bus 0000:00: resource 9 [mem 0x000d4000-0x000d7fff]
pci_bus 0000:00: resource 10 [mem 0x000d8000-0x000dbfff]
pci_bus 0000:00: resource 11 [mem 0x000dc000-0x000dffff]
pci_bus 0000:00: resource 12 [mem 0xf0000000-0xfffffffe]
pci_bus 0000:00: resource 13 [io  0x0d00-0xfdff]
pci_bus 0000:01: resource 1 [mem 0xf4100000-0xf41fffff]
pci_bus 0000:01: resource 2 [mem 0xf4000000-0xf40fffff 64bit pref]
pci_bus 0000:05: resource 0 [io  0x5000-0x5fff]
pci_bus 0000:05: resource 1 [mem 0xf4c00000-0xf4dfffff]
pci_bus 0000:05: resource 2 [mem 0xf4e00000-0xf4ffffff 64bit pref]
pci_bus 0000:0d: resource 0 [io  0x2000-0x2fff]
pci_bus 0000:0d: resource 1 [mem 0xf4200000-0xf42fffff]
pci_bus 0000:0d: resource 2 [mem 0xf4a00000-0xf4bfffff 64bit pref]
pci_bus 0000:0f: resource 0 [io  0x3000-0x3fff]
pci_bus 0000:0f: resource 1 [mem 0xf4300000-0xf43fffff]
pci_bus 0000:0f: resource 2 [mem 0xf4800000-0xf49fffff 64bit pref]
pci_bus 0000:11: resource 0 [io  0x4000-0x4fff]
pci_bus 0000:11: resource 1 [mem 0xf4400000-0xf44fffff]
pci_bus 0000:11: resource 2 [mem 0xf0000000-0xf3ffffff 64bit pref]
pci_bus 0000:11: resource 4 [io  0x0000-0x0cf7]
pci_bus 0000:11: resource 5 [mem 0x000a0000-0x000bffff]
pci_bus 0000:11: resource 6 [mem 0x000c8000-0x000cbfff]
pci_bus 0000:11: resource 7 [mem 0x000cc000-0x000cffff]
pci_bus 0000:11: resource 8 [mem 0x000d0000-0x000d3fff]
pci_bus 0000:11: resource 9 [mem 0x000d4000-0x000d7fff]
pci_bus 0000:11: resource 10 [mem 0x000d8000-0x000dbfff]
pci_bus 0000:11: resource 11 [mem 0x000dc000-0x000dffff]
pci_bus 0000:11: resource 12 [mem 0xf0000000-0xfffffffe]
pci_bus 0000:11: resource 13 [io  0x0d00-0xfdff]
NET: Registered protocol family 2
IP route cache hash table entries: 32768 (order: 5, 131072 bytes)
TCP established hash table entries: 131072 (order: 8, 1048576 bytes)
TCP bind hash table entries: 65536 (order: 7, 524288 bytes)
TCP: Hash tables configured (established 131072 bind 65536)
TCP reno registered
NET: Registered protocol family 1
pci 0000:00:1a.0: PCI INT A -> GSI 16 (level, low) -> IRQ 16
pci 0000:00:1a.0: PCI INT A disabled
pci 0000:00:1a.1: PCI INT B -> GSI 17 (level, low) -> IRQ 17
pci 0000:00:1a.1: PCI INT B disabled
  alloc irq_desc for 18 on node -1
  alloc kstat_irqs on node -1
pci 0000:00:1a.7: PCI INT C -> GSI 18 (level, low) -> IRQ 18
pci 0000:00:1a.7: PCI INT C disabled
pci 0000:00:1d.0: PCI INT A -> GSI 16 (level, low) -> IRQ 16
pci 0000:00:1d.0: PCI INT A disabled
pci 0000:00:1d.1: PCI INT B -> GSI 17 (level, low) -> IRQ 17
pci 0000:00:1d.1: PCI INT B disabled
pci 0000:00:1d.2: PCI INT C -> GSI 18 (level, low) -> IRQ 18
pci 0000:00:1d.2: PCI INT C disabled
  alloc irq_desc for 19 on node -1
  alloc kstat_irqs on node -1
pci 0000:00:1d.3: PCI INT D -> GSI 19 (level, low) -> IRQ 19
pci 0000:00:1d.3: PCI INT D disabled
pci 0000:00:1d.7: PCI INT A -> GSI 16 (level, low) -> IRQ 16
pci 0000:00:1d.7: PCI INT A disabled
pci 0000:05:00.0: rerouting interrupts for [8086:032c]
pci 0000:11:03.0: Boot video device
Trying to unpack rootfs image as initramfs...
Freeing initrd memory: 13604k freed
Simple Boot Flag at 0x36 set to 0x1
apm: BIOS not found.
audit: initializing netlink socket (disabled)
type=2000 audit(1356694947.369:1): initialized
highmem bounce pool size: 64 pages
HugeTLB registered 2 MB page size, pre-allocated 0 pages
VFS: Disk quotas dquot_6.5.2
Dquot-cache hash table entries: 1024 (order 0, 4096 bytes)
msgmni has been set to 1422
SELinux:  Registering netfilter hooks
alg: No test for stdrng (krng)
ksign: Installing public key data
Loading keyring
- Added public key FCB5C0AF81B4AD81
- User ID: CentOS (Kernel Module GPG key)
Block layer SCSI generic (bsg) driver version 0.4 loaded (major 252)
io scheduler noop registered
io scheduler anticipatory registered
io scheduler deadline registered
io scheduler cfq registered (default)
pcieport 0000:00:01.0: setting latency timer to 64
  alloc irq_desc for 24 on node -1
  alloc kstat_irqs on node -1
pcieport 0000:00:01.0: irq 24 for MSI/MSI-X
pcieport 0000:00:1c.0: setting latency timer to 64
  alloc irq_desc for 25 on node -1
  alloc kstat_irqs on node -1
pcieport 0000:00:1c.0: irq 25 for MSI/MSI-X
pcieport 0000:00:1c.4: setting latency timer to 64
  alloc irq_desc for 26 on node -1
  alloc kstat_irqs on node -1
pcieport 0000:00:1c.4: irq 26 for MSI/MSI-X
pcieport 0000:00:1c.5: setting latency timer to 64
  alloc irq_desc for 27 on node -1
  alloc kstat_irqs on node -1
pcieport 0000:00:1c.5: irq 27 for MSI/MSI-X
pci_hotplug: PCI Hot Plug PCI Core version: 0.5
pciehp: PCI Express Hot Plug Controller Driver version: 0.4
acpiphp: ACPI Hot Plug PCI Controller Driver version: 0.5
intel_idle: MWAIT substates: 0x20
intel_idle: does not run on family 6 model 15
input: Power Button as /devices/LNXSYSTM:00/LNXSYBUS:00/PNP0A03:00/PNP0C0C:00/input/input0
ACPI: Power Button [PWRB]
input: Power Button as /devices/LNXSYSTM:00/LNXPWRBN:00/input/input1
ACPI: Power Button [PWRF]
ACPI: acpi_idle registered with cpuidle
ACPI: SSDT efed5b66 001DD (v01  PmRef  Cpu0Ist 00003000 INTL 20050228)
ACPI: SSDT efed5d43 0016E (v01  PmRef  Cpu1Ist 00003000 INTL 20050228)
ACPI: SSDT efed5eb1 0016E (v01  PmRef  Cpu2Ist 00003000 INTL 20050228)
ACPI: SSDT efed601f 0016E (v01  PmRef  Cpu3Ist 00003000 INTL 20050228)
ERST: Table is not found!
GHES: HEST is not enabled!
isapnp: Scanning for PnP cards...
isapnp: No Plug & Play device found
Non-volatile memory driver v1.3
Linux agpgart interface v0.103
crash memory driver: version 1.1
Serial: 8250/16550 driver, 4 ports, IRQ sharing enabled
serial8250: ttyS0 at I/O 0x3f8 (irq = 4) is a 16550A
serial8250: ttyS1 at I/O 0x2f8 (irq = 3) is a 16550A
00:09: ttyS0 at I/O 0x3f8 (irq = 4) is a 16550A
00:0a: ttyS1 at I/O 0x2f8 (irq = 3) is a 16550A
brd: module loaded
loop: module loaded
input: Macintosh mouse button emulation as /devices/virtual/input/input2
Fixed MDIO Bus: probed
ehci_hcd: USB 2.0 'Enhanced' Host Controller (EHCI) Driver
ehci_hcd 0000:00:1a.7: PCI INT C -> GSI 18 (level, low) -> IRQ 18
ehci_hcd 0000:00:1a.7: setting latency timer to 64
ehci_hcd 0000:00:1a.7: EHCI Host Controller
ehci_hcd 0000:00:1a.7: new USB bus registered, assigned bus number 1
ehci_hcd 0000:00:1a.7: debug port 1
ehci_hcd 0000:00:1a.7: cache line size of 64 is not supported
ehci_hcd 0000:00:1a.7: irq 18, io mem 0xf4702800
ehci_hcd 0000:00:1a.7: USB 2.0 started, EHCI 1.00
usb usb1: New USB device found, idVendor=1d6b, idProduct=0002
usb usb1: New USB device strings: Mfr=3, Product=2, SerialNumber=1
usb usb1: Product: EHCI Host Controller
usb usb1: Manufacturer: Linux 2.6.32-279.19.1.el6.i686 ehci_hcd
usb usb1: SerialNumber: 0000:00:1a.7
usb usb1: configuration #1 chosen from 1 choice
hub 1-0:1.0: USB hub found
hub 1-0:1.0: 4 ports detected
ehci_hcd 0000:00:1d.7: PCI INT A -> GSI 16 (level, low) -> IRQ 16
ehci_hcd 0000:00:1d.7: setting latency timer to 64
ehci_hcd 0000:00:1d.7: EHCI Host Controller
ehci_hcd 0000:00:1d.7: new USB bus registered, assigned bus number 2
ehci_hcd 0000:00:1d.7: debug port 1
ehci_hcd 0000:00:1d.7: cache line size of 64 is not supported
ehci_hcd 0000:00:1d.7: irq 16, io mem 0xf4702c00
ehci_hcd 0000:00:1d.7: USB 2.0 started, EHCI 1.00
usb usb2: New USB device found, idVendor=1d6b, idProduct=0002
usb usb2: New USB device strings: Mfr=3, Product=2, SerialNumber=1
usb usb2: Product: EHCI Host Controller
usb usb2: Manufacturer: Linux 2.6.32-279.19.1.el6.i686 ehci_hcd
usb usb2: SerialNumber: 0000:00:1d.7
usb usb2: configuration #1 chosen from 1 choice
hub 2-0:1.0: USB hub found
hub 2-0:1.0: 8 ports detected
ohci_hcd: USB 1.1 'Open' Host Controller (OHCI) Driver
uhci_hcd: USB Universal Host Controller Interface driver
uhci_hcd 0000:00:1a.0: PCI INT A -> GSI 16 (level, low) -> IRQ 16
uhci_hcd 0000:00:1a.0: setting latency timer to 64
uhci_hcd 0000:00:1a.0: UHCI Host Controller
uhci_hcd 0000:00:1a.0: new USB bus registered, assigned bus number 3
uhci_hcd 0000:00:1a.0: irq 16, io base 0x00001820
usb usb3: New USB device found, idVendor=1d6b, idProduct=0001
usb usb3: New USB device strings: Mfr=3, Product=2, SerialNumber=1
usb usb3: Product: UHCI Host Controller
usb usb3: Manufacturer: Linux 2.6.32-279.19.1.el6.i686 uhci_hcd
usb usb3: SerialNumber: 0000:00:1a.0
usb usb3: configuration #1 chosen from 1 choice
hub 3-0:1.0: USB hub found
hub 3-0:1.0: 2 ports detected
uhci_hcd 0000:00:1a.1: PCI INT B -> GSI 17 (level, low) -> IRQ 17
uhci_hcd 0000:00:1a.1: setting latency timer to 64
uhci_hcd 0000:00:1a.1: UHCI Host Controller
uhci_hcd 0000:00:1a.1: new USB bus registered, assigned bus number 4
uhci_hcd 0000:00:1a.1: irq 17, io base 0x00001840
usb usb4: New USB device found, idVendor=1d6b, idProduct=0001
usb usb4: New USB device strings: Mfr=3, Product=2, SerialNumber=1
usb usb4: Product: UHCI Host Controller
usb usb4: Manufacturer: Linux 2.6.32-279.19.1.el6.i686 uhci_hcd
usb usb4: SerialNumber: 0000:00:1a.1
usb usb4: configuration #1 chosen from 1 choice
hub 4-0:1.0: USB hub found
hub 4-0:1.0: 2 ports detected
uhci_hcd 0000:00:1d.0: PCI INT A -> GSI 16 (level, low) -> IRQ 16
uhci_hcd 0000:00:1d.0: setting latency timer to 64
uhci_hcd 0000:00:1d.0: UHCI Host Controller
uhci_hcd 0000:00:1d.0: new USB bus registered, assigned bus number 5
uhci_hcd 0000:00:1d.0: irq 16, io base 0x00001860
usb usb5: New USB device found, idVendor=1d6b, idProduct=0001
usb usb5: New USB device strings: Mfr=3, Product=2, SerialNumber=1
usb usb5: Product: UHCI Host Controller
usb usb5: Manufacturer: Linux 2.6.32-279.19.1.el6.i686 uhci_hcd
usb usb5: SerialNumber: 0000:00:1d.0
usb usb5: configuration #1 chosen from 1 choice
hub 5-0:1.0: USB hub found
hub 5-0:1.0: 2 ports detected
uhci_hcd 0000:00:1d.1: PCI INT B -> GSI 17 (level, low) -> IRQ 17
uhci_hcd 0000:00:1d.1: setting latency timer to 64
uhci_hcd 0000:00:1d.1: UHCI Host Controller
uhci_hcd 0000:00:1d.1: new USB bus registered, assigned bus number 6
uhci_hcd 0000:00:1d.1: irq 17, io base 0x00001880
usb usb6: New USB device found, idVendor=1d6b, idProduct=0001
usb usb6: New USB device strings: Mfr=3, Product=2, SerialNumber=1
usb usb6: Product: UHCI Host Controller
usb usb6: Manufacturer: Linux 2.6.32-279.19.1.el6.i686 uhci_hcd
usb usb6: SerialNumber: 0000:00:1d.1
usb usb6: configuration #1 chosen from 1 choice
hub 6-0:1.0: USB hub found
hub 6-0:1.0: 2 ports detected
uhci_hcd 0000:00:1d.2: PCI INT C -> GSI 18 (level, low) -> IRQ 18
uhci_hcd 0000:00:1d.2: setting latency timer to 64
uhci_hcd 0000:00:1d.2: UHCI Host Controller
uhci_hcd 0000:00:1d.2: new USB bus registered, assigned bus number 7
uhci_hcd 0000:00:1d.2: irq 18, io base 0x000018a0
usb usb7: New USB device found, idVendor=1d6b, idProduct=0001
usb usb7: New USB device strings: Mfr=3, Product=2, SerialNumber=1
usb usb7: Product: UHCI Host Controller
usb usb7: Manufacturer: Linux 2.6.32-279.19.1.el6.i686 uhci_hcd
usb usb7: SerialNumber: 0000:00:1d.2
usb usb7: configuration #1 chosen from 1 choice
hub 7-0:1.0: USB hub found
hub 7-0:1.0: 2 ports detected
uhci_hcd 0000:00:1d.3: PCI INT D -> GSI 19 (level, low) -> IRQ 19
uhci_hcd 0000:00:1d.3: setting latency timer to 64
uhci_hcd 0000:00:1d.3: UHCI Host Controller
uhci_hcd 0000:00:1d.3: new USB bus registered, assigned bus number 8
uhci_hcd 0000:00:1d.3: irq 19, io base 0x000018c0
usb usb8: New USB device found, idVendor=1d6b, idProduct=0001
usb usb8: New USB device strings: Mfr=3, Product=2, SerialNumber=1
usb usb8: Product: UHCI Host Controller
usb usb8: Manufacturer: Linux 2.6.32-279.19.1.el6.i686 uhci_hcd
usb usb8: SerialNumber: 0000:00:1d.3
usb usb8: configuration #1 chosen from 1 choice
hub 8-0:1.0: USB hub found
hub 8-0:1.0: 2 ports detected
PNP: PS/2 Controller [PNP0303:KBC0,PNP0f13:MSE0] at 0x60,0x64 irq 1,12
serio: i8042 KBD port at 0x60,0x64 irq 1
serio: i8042 AUX port at 0x60,0x64 irq 12
mice: PS/2 mouse device common for all mice
rtc_cmos 00:04: RTC can wake from S4
rtc_cmos 00:04: rtc core: registered rtc_cmos as rtc0
rtc0: alarms up to one month, y3k, 114 bytes nvram, hpet irqs
cpuidle: using governor ladder
cpuidle: using governor menu
EFI Variables Facility v0.08 2004-May-17
usbcore: registered new interface driver hiddev
usbcore: registered new interface driver usbhid
usbhid: v2.6:USB HID core driver
TCP cubic registered
Initializing XFRM netlink socket
NET: Registered protocol family 17
Using IPI No-Shortcut mode
registered taskstats version 1
rtc_cmos 00:04: setting system clock to 2012-12-28 11:42:29 UTC (1356694949)
Initalizing network drop monitor service
Freeing unused kernel memory: 504k freed
Write protecting the kernel text: 4300k
Write protecting the kernel read-only data: 1880k
dracut: dracut-004-53.el6
dracut: rd_NO_LUKS: removing cryptoluks activation
input: AT Translated Set 2 keyboard as /devices/platform/i8042/serio0/input/input3
device-mapper: uevent: version 1.0.3
device-mapper: ioctl: 4.22.6-ioctl (2011-10-19) initialised: dm-devel@redhat.com
udev: starting version 147
Refined TSC clocksource calibration: 2393.999 MHz.
Switching to clocksource tsc
dracut: Starting plymouth daemon
dracut: rd_NO_DM: removing DM RAID activation
dracut: rd_NO_MD: removing MD RAID activation
ata_piix 0000:00:1f.2: version 2.13
ata_piix 0000:00:1f.2: PCI INT B -> GSI 17 (level, low) -> IRQ 17
ata_piix 0000:00:1f.2: MAP [ P0 P2 P1 P3 ]
usb 1-1: new high speed USB device number 2 using ehci_hcd
ata_piix 0000:00:1f.2: SCR access via SIDPR is available but doesn't work
ata_piix 0000:00:1f.2: setting latency timer to 64
scsi0 : ata_piix
scsi1 : ata_piix
ata1: SATA max UDMA/133 cmd 0x1f0 ctl 0x3f6 bmdma 0x1c20 irq 14
ata2: SATA max UDMA/133 cmd 0x170 ctl 0x376 bmdma 0x1c28 irq 15
ata_piix 0000:00:1f.5: PCI INT C -> GSI 18 (level, low) -> IRQ 18
ata_piix 0000:00:1f.5: MAP [ P0 -- P1 -- ]
usb 1-1: New USB device found, idVendor=04b4, idProduct=6830
usb 1-1: New USB device strings: Mfr=56, Product=78, SerialNumber=100
usb 1-1: Product: USB2.0 Storage Device
usb 1-1: Manufacturer: Cypress Semiconductor
usb 1-1: SerialNumber: 123456789012345
usb 1-1: configuration #1 chosen from 1 choice
ata_piix 0000:00:1f.5: SCR access via SIDPR is available but doesn't work
ata_piix 0000:00:1f.5: setting latency timer to 64
scsi2 : ata_piix
scsi3 : ata_piix
ata3: SATA max UDMA/133 cmd 0x1c98 ctl 0x1c8c bmdma 0x1c40 irq 18
ata4: SATA max UDMA/133 cmd 0x1c90 ctl 0x1c88 bmdma 0x1c48 irq 18
usb 2-5: new high speed USB device number 2 using ehci_hcd
usb 2-5: New USB device found, idVendor=14cd, idProduct=6700
usb 2-5: New USB device strings: Mfr=1, Product=3, SerialNumber=2
usb 2-5: Product: USB 2.0  SD/MMC READER 
usb 2-5: Manufacturer: SDMMC M121
usb 2-5: SerialNumber: 835000002036
usb 2-5: configuration #1 chosen from 1 choice
Initializing USB Mass Storage driver...
scsi4 : SCSI emulation for USB Mass Storage devices
usb-storage: device found at 2
usb-storage: waiting for device to settle before scanning
usbcore: registered new interface driver usb-storage
USB Mass Storage support registered.
scsi5 : SCSI emulation for USB Mass Storage devices
usb-storage: device found at 2
usb-storage: waiting for device to settle before scanning
usbcore: registered new interface driver ums-cypress
usb 7-2: new low speed USB device number 2 using uhci_hcd
usb 7-2: New USB device found, idVendor=056e, idProduct=0084
usb 7-2: New USB device strings: Mfr=1, Product=2, SerialNumber=0
usb 7-2: Product: ELECOM Wireless mouse
usb 7-2: Manufacturer: ELECOM
usb 7-2: configuration #1 chosen from 1 choice
input: ELECOM ELECOM Wireless mouse as /devices/pci0000:00/0000:00:1d.2/usb7/7-2/7-2:1.0/input/input4
generic-usb 0003:056E:0084.0001: input,hidraw0: USB HID v1.00 Mouse [ELECOM ELECOM Wireless mouse] on usb-0000:00:1d.2-2/input0
usb-storage: device scan complete
scsi 4:0:0:0: Direct-Access     USB 2.0  SD/MMC Reader         PQ: 0 ANSI: 0 CCS
usb-storage: device scan complete
scsi 5:0:0:0: Direct-Access     ST360021 A                0000 PQ: 0 ANSI: 0
sd 4:0:0:0: [sda] 7698432 512-byte logical blocks: (3.94 GB/3.67 GiB)
sd 5:0:0:0: [sdb] 117231408 512-byte logical blocks: (60.0 GB/55.8 GiB)
sd 4:0:0:0: [sda] Write Protect is off
sd 4:0:0:0: [sda] Mode Sense: 03 00 00 00
sd 4:0:0:0: [sda] Assuming drive cache: write through
sd 5:0:0:0: [sdb] Write Protect is off
sd 5:0:0:0: [sdb] Mode Sense: 27 00 00 00
sd 5:0:0:0: [sdb] Assuming drive cache: write through
sd 5:0:0:0: [sdb] Assuming drive cache: write through
 sdb:
sd 4:0:0:0: [sda] Assuming drive cache: write through
 sda: sda1
sd 4:0:0:0: [sda] Assuming drive cache: write through
sd 4:0:0:0: [sda] Attached SCSI removable disk
 sdb1 sdb2
sd 5:0:0:0: [sdb] Assuming drive cache: write through
sd 5:0:0:0: [sdb] Attached SCSI disk
dracut: Scanning devices sdb2  for LVM logical volumes vg_centos6/lv_root vg_centos6/lv_swap 
dracut: inactive '/dev/vg_centos6/lv_root' [26.41 GiB] inherit
dracut: inactive '/dev/vg_centos6/lv_home' [23.02 GiB] inherit
dracut: inactive '/dev/vg_centos6/lv_swap' [5.97 GiB] inherit
EXT4-fs (dm-0): mounted filesystem with ordered data mode. Opts: 
dracut: Mounted root filesystem /dev/mapper/vg_centos6-lv_root
dracut: Loading SELinux policy
type=1404 audit(1356694953.246:2): enforcing=1 old_enforcing=0 auid=4294967295 ses=4294967295
SELinux: 2048 avtab hash slots, 211845 rules.
SELinux: 2048 avtab hash slots, 211845 rules.
SELinux:  9 users, 13 roles, 3423 types, 178 bools, 1 sens, 1024 cats
SELinux:  81 classes, 211845 rules
SELinux:  Completing initialization.
SELinux:  Setting up existing superblocks.
SELinux: initialized (dev dm-0, type ext4), uses xattr
SELinux: initialized (dev tmpfs, type tmpfs), uses transition SIDs
SELinux: initialized (dev usbfs, type usbfs), uses genfs_contexts
SELinux: initialized (dev selinuxfs, type selinuxfs), uses genfs_contexts
SELinux: initialized (dev mqueue, type mqueue), uses transition SIDs
SELinux: initialized (dev hugetlbfs, type hugetlbfs), uses transition SIDs
SELinux: initialized (dev devpts, type devpts), uses transition SIDs
SELinux: initialized (dev inotifyfs, type inotifyfs), uses genfs_contexts
SELinux: initialized (dev anon_inodefs, type anon_inodefs), uses genfs_contexts
SELinux: initialized (dev pipefs, type pipefs), uses task SIDs
SELinux: initialized (dev debugfs, type debugfs), uses genfs_contexts
SELinux: initialized (dev sockfs, type sockfs), uses task SIDs
SELinux: initialized (dev devtmpfs, type devtmpfs), uses transition SIDs
SELinux: initialized (dev tmpfs, type tmpfs), uses transition SIDs
SELinux: initialized (dev proc, type proc), uses genfs_contexts
SELinux: initialized (dev bdev, type bdev), uses genfs_contexts
SELinux: initialized (dev rootfs, type rootfs), uses genfs_contexts
SELinux: initialized (dev sysfs, type sysfs), uses genfs_contexts
type=1403 audit(1356694953.853:3): policy loaded auid=4294967295 ses=4294967295
dracut: 
dracut: Switching root
readahead: starting
udev: starting version 147
EDAC MC: Ver: 2.1.0 Dec 19 2012
EDAC MC0: Giving out device to 'i3200_edac' 'i3200': DEV 0000:00:00.0
e1000e: Intel(R) PRO/1000 Network Driver - 1.9.5-k
e1000e: Copyright(c) 1999 - 2012 Intel Corporation.
e1000e 0000:0d:00.0: Disabling ASPM L0s L1
e1000e 0000:0d:00.0: PCI INT A -> GSI 16 (level, low) -> IRQ 16
e1000e 0000:0d:00.0: setting latency timer to 64
  alloc irq_desc for 28 on node -1
  alloc kstat_irqs on node -1
e1000e 0000:0d:00.0: irq 28 for MSI/MSI-X
e1000e 0000:0d:00.0: Warning: detected DSPD enabled in EEPROM
e1000e 0000:0d:00.0: eth0: (PCI Express:2.5GT/s:Width x1) 00:e0:81:79:f5:9e
e1000e 0000:0d:00.0: eth0: Intel(R) PRO/1000 Network Connection
e1000e 0000:0d:00.0: eth0: MAC: 2, PHY: 2, PBA No: FFFFFF-0FF
e1000e 0000:0f:00.0: Disabling ASPM L0s L1
e1000e 0000:0f:00.0: PCI INT A -> GSI 17 (level, low) -> IRQ 17
e1000e 0000:0f:00.0: setting latency timer to 64
  alloc irq_desc for 29 on node -1
  alloc kstat_irqs on node -1
e1000e 0000:0f:00.0: irq 29 for MSI/MSI-X
e1000e 0000:0f:00.0: Warning: detected DSPD enabled in EEPROM
e1000e 0000:0f:00.0: eth1: (PCI Express:2.5GT/s:Width x1) 00:e0:81:79:f5:9f
e1000e 0000:0f:00.0: eth1: Intel(R) PRO/1000 Network Connection
e1000e 0000:0f:00.0: eth1: MAC: 2, PHY: 2, PBA No: FFFFFF-0FF
iTCO_vendor_support: vendor-support=0
iTCO_wdt: Intel TCO WatchDog Timer Driver v1.07rh
iTCO_wdt: Found a ICH9R TCO device (Version=2, TCOBASE=0x1060)
iTCO_wdt: initialized. heartbeat=30 sec (nowayout=0)
i801_smbus 0000:00:1f.3: enabling device (0001 -> 0003)
i801_smbus 0000:00:1f.3: PCI INT B -> GSI 17 (level, low) -> IRQ 17
microcode: CPU0 sig=0x6fb, pf=0x10, revision=0xb6
platform microcode: firmware: requesting intel-ucode/06-0f-0b
microcode: CPU1 sig=0x6fb, pf=0x10, revision=0xb6
platform microcode: firmware: requesting intel-ucode/06-0f-0b
microcode: CPU2 sig=0x6fb, pf=0x10, revision=0xb6
platform microcode: firmware: requesting intel-ucode/06-0f-0b
microcode: CPU3 sig=0x6fb, pf=0x10, revision=0xb6
platform microcode: firmware: requesting intel-ucode/06-0f-0b
Microcode Update Driver: v2.00 <tigran@aivazian.fsnet.co.uk>, Peter Oruba
sd 4:0:0:0: Attached scsi generic sg0 type 0
sd 5:0:0:0: Attached scsi generic sg1 type 0
microcode: CPU0 updated to revision 0xba, date = 2010-10-03 
microcode: CPU1 updated to revision 0xba, date = 2010-10-03 
microcode: CPU2 updated to revision 0xba, date = 2010-10-03 
microcode: CPU3 updated to revision 0xba, date = 2010-10-03 
EXT4-fs (sdb1): mounted filesystem with ordered data mode. Opts: 
SELinux: initialized (dev sdb1, type ext4), uses xattr
EXT4-fs (dm-2): mounted filesystem with ordered data mode. Opts: 
SELinux: initialized (dev dm-2, type ext4), uses xattr
Adding 6258680k swap on /dev/mapper/vg_centos6-lv_swap.  Priority:-1 extents:1 across:6258680k 
SELinux: initialized (dev binfmt_misc, type binfmt_misc), uses genfs_contexts
NET: Registered protocol family 10
lo: Disabled Privacy Extensions
ip6_tables: (C) 2000-2006 Netfilter Core Team
nf_conntrack version 0.5.0 (16384 buckets, 65536 max)
e1000e 0000:0d:00.0: irq 28 for MSI/MSI-X
e1000e 0000:0d:00.0: irq 28 for MSI/MSI-X
ADDRCONF(NETDEV_UP): eth0: link is not ready
e1000e: eth0 NIC Link is Up 100 Mbps Full Duplex, Flow Control: Rx/Tx
e1000e 0000:0d:00.0: eth0: 10/100 speed: disabling TSO
ADDRCONF(NETDEV_CHANGE): eth0: link becomes ready
e1000e 0000:0f:00.0: irq 29 for MSI/MSI-X
e1000e 0000:0f:00.0: irq 29 for MSI/MSI-X
ADDRCONF(NETDEV_UP): eth1: link is not ready
RPC: Registered named UNIX socket transport module.
RPC: Registered udp transport module.
RPC: Registered tcp transport module.
RPC: Registered tcp NFSv4.1 backchannel transport module.
SELinux: initialized (dev rpc_pipefs, type rpc_pipefs), uses genfs_contexts
SELinux: initialized (dev autofs, type autofs), uses genfs_contexts
SELinux: initialized (dev autofs, type autofs), uses genfs_contexts
SELinux: initialized (dev autofs, type autofs), uses genfs_contexts
eth0: no IPv6 routers present
fuse init (API version 7.13)
SELinux: initialized (dev sda1, type vfat), uses genfs_contexts

alt_up_pci init(), build at Dec 26 2012 09:59:53
alt_up_pci 0000:01:00.0: PCI INT A -> GSI 16 (level, low) -> IRQ 16
alt_up_pci 0000:01:00.0: setting latency timer to 64
alt_up_pci BAR0 initialized.
alt_up_pci BAR2 initialized.
alt_up_pci DMA0 initialized as type1. 
Richard: enter alt_up_pci_sgdma_init
Richard: enter alt_up_pci_sgdma_clear
Richard: mydata->descriptors_bus=33b41000h
Richard: myctrller->pcie_tx_base_addr=80000000h
Richard: myctrller->dma_ctrl_base_addr=f7ef4040h
alt_up_pci DMA1 initialized as type2. 
  alloc irq_desc for 30 on node -1
  alloc kstat_irqs on node -1
alt_up_pci 0000:01:00.0: irq 30 for MSI/MSI-X
Richard: enter alt_up_pci_sgdma_go ....enter
Richard: current_index=0, bytes_left=8, use_interrupt=1
Richard: iowrite32(b3b41000h, f7ef4060h)
Richard: iowrite32(40038h, f7ef4050h)
Richard: enter alt_up_pci_sgdma_clear
Richard: enter alt_up_pci_sgdma_go ....leave
Richard: enter alt_up_pci_sgdma_go ....enter
Richard: current_index=0, bytes_left=8, use_interrupt=1
Richard: iowrite32(b3b41000h, f7ef4060h)
Richard: iowrite32(40038h, f7ef4050h)
Richard: enter alt_up_pci_sgdma_clear
Richard: enter alt_up_pci_sgdma_go ....leave
Richard: enter alt_up_pci_sgdma_go ....enter
Richard: current_index=0, bytes_left=8, use_interrupt=1
Richard: iowrite32(b3b41000h, f7ef4060h)
Richard: iowrite32(40038h, f7ef4050h)
Richard: enter alt_up_pci_sgdma_clear
Richard: enter alt_up_pci_sgdma_go ....leave
Richard: enter alt_up_pci_sgdma_go ....enter
Richard: current_index=0, bytes_left=8, use_interrupt=1
Richard: iowrite32(b3b41000h, f7ef4060h)
Richard: iowrite32(40038h, f7ef4050h)
Richard: enter alt_up_pci_sgdma_clear
Richard: enter alt_up_pci_sgdma_go ....leave
Richard: enter alt_up_pci_sgdma_go ....enter
Richard: current_index=0, bytes_left=8, use_interrupt=1
Richard: iowrite32(b3b41000h, f7ef4060h)
Richard: iowrite32(40038h, f7ef4050h)
Richard: enter alt_up_pci_sgdma_clear
Richard: enter alt_up_pci_sgdma_go ....leave
Richard: enter alt_up_pci_sgdma_go ....enter
Richard: current_index=0, bytes_left=8, use_interrupt=1
Richard: iowrite32(b3b41000h, f7ef4060h)
Richard: iowrite32(40038h, f7ef4050h)
Richard: enter alt_up_pci_sgdma_clear
Richard: enter alt_up_pci_sgdma_go ....leave
Richard: enter alt_up_pci_sgdma_go ....enter
Richard: current_index=0, bytes_left=8, use_interrupt=1
Richard: iowrite32(b3b41000h, f7ef4060h)
Richard: iowrite32(40038h, f7ef4050h)
Richard: enter alt_up_pci_sgdma_clear
Richard: enter alt_up_pci_sgdma_go ....leave
Richard: enter alt_up_pci_sgdma_go ....enter
Richard: current_index=0, bytes_left=8, use_interrupt=1
Richard: iowrite32(b3b41000h, f7ef4060h)
Richard: iowrite32(40038h, f7ef4050h)
Richard: enter alt_up_pci_sgdma_clear
Richard: enter alt_up_pci_sgdma_go ....leave
Richard: enter alt_up_pci_sgdma_go ....enter
Richard: current_index=0, bytes_left=8, use_interrupt=1
Richard: iowrite32(b3b41000h, f7ef4060h)
Richard: iowrite32(40038h, f7ef4050h)
Richard: enter alt_up_pci_sgdma_clear
Richard: enter alt_up_pci_sgdma_go ....leave
Richard: enter alt_up_pci_sgdma_go ....enter
Richard: current_index=0, bytes_left=8, use_interrupt=1
Richard: iowrite32(b3b41000h, f7ef4060h)
Richard: iowrite32(40038h, f7ef4050h)
Richard: enter alt_up_pci_sgdma_clear
Richard: enter alt_up_pci_sgdma_go ....leave
Richard: enter alt_up_pci_sgdma_go ....enter
Richard: current_index=0, bytes_left=8, use_interrupt=1
Richard: iowrite32(b3b41000h, f7ef4060h)
Richard: iowrite32(40038h, f7ef4050h)
Richard: enter alt_up_pci_sgdma_clear
Richard: enter alt_up_pci_sgdma_go ....leave
Richard: enter alt_up_pci_sgdma_go ....enter
Richard: current_index=0, bytes_left=8, use_interrupt=1
Richard: iowrite32(b3b41000h, f7ef4060h)
Richard: iowrite32(40038h, f7ef4050h)
Richard: enter alt_up_pci_sgdma_clear
Richard: enter alt_up_pci_sgdma_go ....leave
Richard: enter alt_up_pci_sgdma_go ....enter
Richard: current_index=0, bytes_left=8, use_interrupt=1
Richard: iowrite32(b3b41000h, f7ef4060h)
Richard: iowrite32(40038h, f7ef4050h)
Richard: enter alt_up_pci_sgdma_clear
Richard: enter alt_up_pci_sgdma_go ....leave
Richard: enter alt_up_pci_sgdma_go ....enter
Richard: current_index=0, bytes_left=8, use_interrupt=1
Richard: iowrite32(b3b41000h, f7ef4060h)
Richard: iowrite32(40038h, f7ef4050h)
Richard: enter alt_up_pci_sgdma_clear
Richard: enter alt_up_pci_sgdma_go ....leave
Richard: enter alt_up_pci_sgdma_go ....enter
Richard: current_index=0, bytes_left=8, use_interrupt=1
Richard: iowrite32(b3b41000h, f7ef4060h)
Richard: iowrite32(40038h, f7ef4050h)
Richard: enter alt_up_pci_sgdma_clear
Richard: enter alt_up_pci_sgdma_go ....leave
Richard: enter alt_up_pci_sgdma_go ....enter
Richard: current_index=0, bytes_left=8, use_interrupt=1
Richard: iowrite32(b3b41000h, f7ef4060h)
Richard: iowrite32(40038h, f7ef4050h)
Richard: enter alt_up_pci_sgdma_clear
Richard: enter alt_up_pci_sgdma_go ....leave
Richard: enter alt_up_pci_sgdma_go ....enter
Richard: current_index=0, bytes_left=8, use_interrupt=1
Richard: iowrite32(b3b41000h, f7ef4060h)
Richard: iowrite32(40038h, f7ef4050h)
Richard: enter alt_up_pci_sgdma_clear
Richard: enter alt_up_pci_sgdma_go ....leave
Richard: enter alt_up_pci_sgdma_go ....enter
Richard: current_index=0, bytes_left=8, use_interrupt=1
Richard: iowrite32(b3b41000h, f7ef4060h)
Richard: iowrite32(40038h, f7ef4050h)
Richard: enter alt_up_pci_sgdma_clear
Richard: enter alt_up_pci_sgdma_go ....leave
Richard: enter alt_up_pci_sgdma_go ....enter
Richard: current_index=0, bytes_left=8, use_interrupt=1
Richard: iowrite32(b3b41000h, f7ef4060h)
Richard: iowrite32(40038h, f7ef4050h)
Richard: enter alt_up_pci_sgdma_clear
Richard: enter alt_up_pci_sgdma_go ....leave
Richard: enter alt_up_pci_sgdma_go ....enter
Richard: current_index=0, bytes_left=8, use_interrupt=1
Richard: iowrite32(b3b41000h, f7ef4060h)
Richard: iowrite32(40038h, f7ef4050h)
Richard: enter alt_up_pci_sgdma_clear
Richard: enter alt_up_pci_sgdma_go ....leave
Richard: enter alt_up_pci_sgdma_go ....enter
Richard: current_index=0, bytes_left=8, use_interrupt=1
Richard: iowrite32(b3b41000h, f7ef4060h)
Richard: iowrite32(40038h, f7ef4050h)
Richard: enter alt_up_pci_sgdma_clear
Richard: enter alt_up_pci_sgdma_go ....leave
Richard: enter alt_up_pci_sgdma_go ....enter
Richard: current_index=0, bytes_left=8, use_interrupt=1
Richard: iowrite32(b3b41000h, f7ef4060h)
Richard: iowrite32(40038h, f7ef4050h)
Richard: enter alt_up_pci_sgdma_clear
Richard: enter alt_up_pci_sgdma_go ....leave
Richard: enter alt_up_pci_sgdma_go ....enter
Richard: current_index=0, bytes_left=8, use_interrupt=1
Richard: iowrite32(b3b41000h, f7ef4060h)
Richard: iowrite32(40038h, f7ef4050h)
Richard: enter alt_up_pci_sgdma_clear
Richard: enter alt_up_pci_sgdma_go ....leave
Richard: enter alt_up_pci_sgdma_go ....enter
Richard: current_index=0, bytes_left=8, use_interrupt=1
Richard: iowrite32(b3b41000h, f7ef4060h)
Richard: iowrite32(40038h, f7ef4050h)
Richard: enter alt_up_pci_sgdma_clear
Richard: enter alt_up_pci_sgdma_go ....leave
